--- Started download script at 2026-02-10 23:47:33.168261 ---
[2026-02-10 23:47:33] Script initialized.
[2026-02-10 23:47:33] Project root: D:\traffic sign classifier
[2026-02-10 23:47:33] Output directory: D:\traffic sign classifier\sample_signs_hd
[2026-02-10 23:47:33] Created/verified output directory.
[2026-02-10 23:47:33] SSL context created (verification disabled).
[2026-02-10 23:47:33] Downloading Class 0 (Speed_limit_20kmh)...
[2026-02-10 23:47:34] FAILED Class 0: HTTP Error 404: Not Found
[2026-02-10 23:47:34] Downloading Class 1 (Speed_limit_30kmh)...
[2026-02-10 23:47:35] FAILED Class 1: HTTP Error 404: Not Found
[2026-02-10 23:47:35] Downloading Class 2 (Speed_limit_50kmh)...
[2026-02-10 23:47:36] FAILED Class 2: HTTP Error 404: Not Found
[2026-02-10 23:47:36] Downloading Class 3 (Speed_limit_60kmh)...
[2026-02-10 23:47:36] FAILED Class 3: HTTP Error 404: Not Found
[2026-02-10 23:47:36] Downloading Class 4 (Speed_limit_70kmh)...
[2026-02-10 23:47:37] FAILED Class 4: HTTP Error 404: Not Found
[2026-02-10 23:47:37] Downloading Class 5 (Speed_limit_80kmh)...
[2026-02-10 23:47:38] FAILED Class 5: HTTP Error 404: Not Found
[2026-02-10 23:47:38] Downloading Class 6 (End_speed_limit_80kmh)...
[2026-02-10 23:47:39] FAILED Class 6: HTTP Error 404: Not Found
[2026-02-10 23:47:39] Downloading Class 7 (Speed_limit_100kmh)...
[2026-02-10 23:47:39] FAILED Class 7: HTTP Error 404: Not Found
[2026-02-10 23:47:39] Downloading Class 8 (Speed_limit_120kmh)...
[2026-02-10 23:47:40] FAILED Class 8: HTTP Error 404: Not Found
[2026-02-10 23:47:40] Downloading Class 9 (No_passing)...
[2026-02-10 23:47:41] FAILED Class 9: HTTP Error 404: Not Found
[2026-02-10 23:47:41] Downloading Class 10 (No_passing_over_3.5t)...
[2026-02-10 23:47:41] FAILED Class 10: HTTP Error 429: Your request does not comply with our robot policy, https://w.wiki/4wJS. Please contact noc@wikimedia.org for further information (0fa5166)
[2026-02-10 23:47:41] Downloading Class 11 (Right_of_way)...
[2026-02-10 23:47:41] FAILED Class 11: HTTP Error 429: Your request does not comply with our robot policy, https://w.wiki/4wJS. Please contact noc@wikimedia.org for further information (0fa5166)
[2026-02-10 23:47:41] Downloading Class 12 (Priority_road)...
[2026-02-10 23:47:41] FAILED Class 12: HTTP Error 429: Your request does not comply with our robot policy, https://w.wiki/4wJS. Please contact noc@wikimedia.org for further information (0fa5166)
[2026-02-10 23:47:41] Downloading Class 13 (Yield)...
[2026-02-10 23:47:41] FAILED Class 13: HTTP Error 429: Your request does not comply with our robot policy, https://w.wiki/4wJS. Please contact noc@wikimedia.org for further information (0fa5166)
[2026-02-10 23:47:41] Downloading Class 14 (Stop)...
[2026-02-10 23:47:42] FAILED Class 14: HTTP Error 429: Your request does not comply with our robot policy, https://w.wiki/4wJS. Please contact noc@wikimedia.org for further information (0fa5166)
[2026-02-10 23:47:42] Downloading Class 15 (No_vehicles)...
[2026-02-10 23:47:42] FAILED Class 15: HTTP Error 429: Your request does not comply with our robot policy, https://w.wiki/4wJS. Please contact noc@wikimedia.org for further information (0fa5166)
[2026-02-10 23:47:42] Downloading Class 16 (Vehicles_over_3.5t_prohibited)...
[2026-02-10 23:47:42] FAILED Class 16: HTTP Error 429: Your request does not comply with our robot policy, https://w.wiki/4wJS. Please contact noc@wikimedia.org for further information (0fa5166)
[2026-02-10 23:47:42] Downloading Class 17 (No_entry)...
[2026-02-10 23:47:42] FAILED Class 17: HTTP Error 429: Your request does not comply with our robot policy, https://w.wiki/4wJS. Please contact noc@wikimedia.org for further information (0fa5166)
[2026-02-10 23:47:42] Downloading Class 18 (General_caution)...
[2026-02-10 23:47:42] FAILED Class 18: HTTP Error 429: Your request does not comply with our robot policy, https://w.wiki/4wJS. Please contact noc@wikimedia.org for further information (0fa5166)
[2026-02-10 23:47:42] Downloading Class 19 (Dangerous_curve_left)...
[2026-02-10 23:47:42] FAILED Class 19: HTTP Error 429: Your request does not comply with our robot policy, https://w.wiki/4wJS. Please contact noc@wikimedia.org for further information (0fa5166)
[2026-02-10 23:47:42] Downloading Class 20 (Dangerous_curve_right)...
[2026-02-10 23:47:43] FAILED Class 20: HTTP Error 429: Your request does not comply with our robot policy, https://w.wiki/4wJS. Please contact noc@wikimedia.org for further information (0fa5166)
[2026-02-10 23:47:43] Downloading Class 21 (Double_curve)...
[2026-02-10 23:47:43] FAILED Class 21: HTTP Error 429: Your request does not comply with our robot policy, https://w.wiki/4wJS. Please contact noc@wikimedia.org for further information (0fa5166)
[2026-02-10 23:47:43] Downloading Class 22 (Bumpy_road)...
[2026-02-10 23:47:43] FAILED Class 22: HTTP Error 429: Your request does not comply with our robot policy, https://w.wiki/4wJS. Please contact noc@wikimedia.org for further information (0fa5166)
[2026-02-10 23:47:43] Downloading Class 23 (Slippery_road)...
[2026-02-10 23:47:43] FAILED Class 23: HTTP Error 429: Your request does not comply with our robot policy, https://w.wiki/4wJS. Please contact noc@wikimedia.org for further information (0fa5166)
[2026-02-10 23:47:43] Downloading Class 24 (Road_narrows_right)...
[2026-02-10 23:47:43] FAILED Class 24: HTTP Error 429: Your request does not comply with our robot policy, https://w.wiki/4wJS. Please contact noc@wikimedia.org for further information (0fa5166)
[2026-02-10 23:47:43] Downloading Class 25 (Road_work)...
[2026-02-10 23:47:43] FAILED Class 25: HTTP Error 429: Your request does not comply with our robot policy, https://w.wiki/4wJS. Please contact noc@wikimedia.org for further information (0fa5166)
[2026-02-10 23:47:43] Downloading Class 26 (Traffic_signals)...
[2026-02-10 23:47:44] FAILED Class 26: HTTP Error 429: Your request does not comply with our robot policy, https://w.wiki/4wJS. Please contact noc@wikimedia.org for further information (0fa5166)
[2026-02-10 23:47:44] Downloading Class 27 (Pedestrians)...
[2026-02-10 23:47:44] FAILED Class 27: HTTP Error 429: Your request does not comply with our robot policy, https://w.wiki/4wJS. Please contact noc@wikimedia.org for further information (0fa5166)
[2026-02-10 23:47:44] Downloading Class 28 (Children_crossing)...
[2026-02-10 23:47:44] FAILED Class 28: HTTP Error 429: Your request does not comply with our robot policy, https://w.wiki/4wJS. Please contact noc@wikimedia.org for further information (0fa5166)
[2026-02-10 23:47:44] Downloading Class 29 (Bicycles_crossing)...
[2026-02-10 23:47:44] FAILED Class 29: HTTP Error 429: Your request does not comply with our robot policy, https://w.wiki/4wJS. Please contact noc@wikimedia.org for further information (0fa5166)
[2026-02-10 23:47:44] Downloading Class 30 (Beware_ice_snow)...
[2026-02-10 23:47:44] FAILED Class 30: HTTP Error 429: Your request does not comply with our robot policy, https://w.wiki/4wJS. Please contact noc@wikimedia.org for further information (0fa5166)
[2026-02-10 23:47:44] Downloading Class 31 (Wild_animals_crossing)...
[2026-02-10 23:47:44] FAILED Class 31: HTTP Error 429: Your request does not comply with our robot policy, https://w.wiki/4wJS. Please contact noc@wikimedia.org for further information (0fa5166)
[2026-02-10 23:47:44] Downloading Class 32 (End_all_limits)...
[2026-02-10 23:47:45] FAILED Class 32: HTTP Error 429: Your request does not comply with our robot policy, https://w.wiki/4wJS. Please contact noc@wikimedia.org for further information (0fa5166)
[2026-02-10 23:47:45] Downloading Class 33 (Turn_right_ahead)...
[2026-02-10 23:47:45] FAILED Class 33: HTTP Error 429: Your request does not comply with our robot policy, https://w.wiki/4wJS. Please contact noc@wikimedia.org for further information (0fa5166)
[2026-02-10 23:47:45] Downloading Class 34 (Turn_left_ahead)...
[2026-02-10 23:47:45] FAILED Class 34: HTTP Error 429: Your request does not comply with our robot policy, https://w.wiki/4wJS. Please contact noc@wikimedia.org for further information (0fa5166)
[2026-02-10 23:47:45] Downloading Class 35 (Ahead_only)...
[2026-02-10 23:47:45] FAILED Class 35: HTTP Error 429: Your request does not comply with our robot policy, https://w.wiki/4wJS. Please contact noc@wikimedia.org for further information (0fa5166)
[2026-02-10 23:47:45] Downloading Class 36 (Go_straight_or_right)...
[2026-02-10 23:47:45] FAILED Class 36: HTTP Error 429: Your request does not comply with our robot policy, https://w.wiki/4wJS. Please contact noc@wikimedia.org for further information (0fa5166)
[2026-02-10 23:47:45] Downloading Class 37 (Go_straight_or_left)...
[2026-02-10 23:47:45] FAILED Class 37: HTTP Error 429: Your request does not comply with our robot policy, https://w.wiki/4wJS. Please contact noc@wikimedia.org for further information (0fa5166)
[2026-02-10 23:47:45] Downloading Class 38 (Keep_right)...
[2026-02-10 23:47:46] FAILED Class 38: HTTP Error 429: Your request does not comply with our robot policy, https://w.wiki/4wJS. Please contact noc@wikimedia.org for further information (0fa5166)
[2026-02-10 23:47:46] Downloading Class 39 (Keep_left)...
[2026-02-10 23:47:46] FAILED Class 39: HTTP Error 429: Your request does not comply with our robot policy, https://w.wiki/4wJS. Please contact noc@wikimedia.org for further information (0fa5166)
[2026-02-10 23:47:46] Downloading Class 40 (Roundabout_mandatory)...
[2026-02-10 23:47:46] FAILED Class 40: HTTP Error 429: Your request does not comply with our robot policy, https://w.wiki/4wJS. Please contact noc@wikimedia.org for further information (0fa5166)
[2026-02-10 23:47:46] Downloading Class 41 (End_no_passing)...
[2026-02-10 23:47:46] FAILED Class 41: HTTP Error 429: Your request does not comply with our robot policy, https://w.wiki/4wJS. Please contact noc@wikimedia.org for further information (0fa5166)
[2026-02-10 23:47:46] Downloading Class 42 (End_no_passing_3.5t)...
[2026-02-10 23:47:46] FAILED Class 42: HTTP Error 429: Your request does not comply with our robot policy, https://w.wiki/4wJS. Please contact noc@wikimedia.org for further information (0fa5166)
[2026-02-10 23:47:46] 
Final Summary: Downloaded 0/43 images.
